{
  "status": 400,
  "message": "errType : ErrNotFoundUser , Message : user not found"
}
