{
  "status": 200,
  "data": {
    "id": "1",
    "name": "user1"
  }
}
