{
  "status": 401,
  "message": "Authorization Header is missing"
}
