{
  "status": 200,
  "data": {
    "id": "0",
    "name": "updated",
    "email": "updated@updated.com"
  }
}
