{
  "status": 401,
  "message": "authorization Header is missing"
}
