{
  "status": 200,
  "data": {
    "id": "1",
    "user_id": "1",
    "user_name": "user1",
    "content": "content",
    "state": "todo"
  }
}
