{
  "status": 200,
  "data": [
    {
      "id": "1",
      "user_id": "1",
      "user_name": "user1",
      "content": "content",
      "state": "todo"
    },
    {
      "id": "2",
      "user_id": "1",
      "user_name": "user1",
      "content": "content",
      "state": "todo"
    },
    {
      "id": "3",
      "user_id": "2",
      "user_name": "user2",
      "content": "content",
      "state": "doing"
    },
    {
      "id": "4",
      "user_id": "2",
      "user_name": "user2",
      "content": "content",
      "state": "doing"
    }
  ]
}
