{
  "status": 200,
  "data": [
    {
      "id": "1",
      "content": "content",
      "state": "todo"
    },
    {
      "id": "2",
      "content": "content",
      "state": "todo"
    }
  ]
}
