{
  "status": 400,
  "message": "Key: 'PostTaskRequest.Content' Error:Field validation for 'Content' failed on the 'required' tag"
}
