{
  "status": 201,
  "data": {
    "id": "01JG6V5NJ5940X81TXQ8MWK99J",
    "user_id": "1",
    "content": "content",
    "state": "todo"
  }
}
