{
  "status": 400,
  "message": "errType : ErrNotFoundTask , Message : task not found"
}
