{
  "status": 403,
  "message": "errType : ErrForbiddenTaskOperation , Message : can't operate others tasks"
}
