{
  "status": 400,
  "message": "errType : ErrInvalidTaskState , Message : invalid task state , please select todo/doing/done"
}
