{
  "status": 200,
  "data": {
    "signed_token": "jwt"
  }
}
