{
  "status": 401,
  "message": "email or password invalid"
}
