{
  "status": 201,
  "data": {
    "id": "ulid",
    "email": "user1@test.com",
    "name": "user1"
  }
}
